
> lekkerledger@0.1.0 build
> next build --webpack

Γ¿» Unable to acquire lock at C:\Users\mzaka.ZAK-PC\Documents\Apps\LekkerLedger-1\.next\lock, is another instance of next build running?
  Suggestion: If you intended to restart next build, terminate the other process, and then try again.
