src/app/app/employees/page.tsx(98,33): error TS2353: Object literal may only specify known properties, and 'header' does not exist in type 'Column<{ id: string; name: string; idNumber: string; role: string; hourlyRate: number; phone: string; startDate: string; ordinarilyWorksSundays: boolean; ordinaryHoursPerDay: number; frequency: "Weekly" | "Fortnightly" | "Monthly"; }>'.
src/app/app/employees/page.tsx(113,33): error TS2353: Object literal may only specify known properties, and 'header' does not exist in type 'Column<{ id: string; name: string; idNumber: string; role: string; hourlyRate: number; phone: string; startDate: string; ordinarilyWorksSundays: boolean; ordinaryHoursPerDay: number; frequency: "Weekly" | "Fortnightly" | "Monthly"; }>'.
src/app/app/employees/page.tsx(119,33): error TS2353: Object literal may only specify known properties, and 'header' does not exist in type 'Column<{ id: string; name: string; idNumber: string; role: string; hourlyRate: number; phone: string; startDate: string; ordinarilyWorksSundays: boolean; ordinaryHoursPerDay: number; frequency: "Weekly" | "Fortnightly" | "Monthly"; }>'.
src/app/app/employees/page.tsx(125,33): error TS2353: Object literal may only specify known properties, and 'header' does not exist in type 'Column<{ id: string; name: string; idNumber: string; role: string; hourlyRate: number; phone: string; startDate: string; ordinarilyWorksSundays: boolean; ordinaryHoursPerDay: number; frequency: "Weekly" | "Fortnightly" | "Monthly"; }>'.
