app/leave/page.tsx(370,69): error TS1382: Unexpected token. Did you mean `{'>'}` or `&gt;`?
app/leave/page.tsx(370,86): error TS1382: Unexpected token. Did you mean `{'>'}` or `&gt;`?
